/home/basan/fmvalid/lib/python3.11/site-packages/transformers/utils/hub.py:111: FutureWarning: Using `TRANSFORMERS_CACHE` is deprecated and will be removed in v5 of Transformers. Use `HF_HOME` instead.
  warnings.warn(
Doing lanczos interpolation with cutoff=0.671 and 4 lobes.
Doing lanczos interpolation with cutoff=0.671 and 4 lobes.
Doing lanczos interpolation with cutoff=0.671 and 4 lobes.
Doing lanczos interpolation with cutoff=0.671 and 4 lobes.
Doing lanczos interpolation with cutoff=0.671 and 4 lobes.
Doing lanczos interpolation with cutoff=0.671 and 4 lobes.
Doing lanczos interpolation with cutoff=0.671 and 4 lobes.
Doing lanczos interpolation with cutoff=0.671 and 4 lobes.
Doing lanczos interpolation with cutoff=0.671 and 4 lobes.
Doing lanczos interpolation with cutoff=0.671 and 4 lobes.
Doing lanczos interpolation with cutoff=0.671 and 4 lobes.
Doing lanczos interpolation with cutoff=0.671 and 4 lobes.
Doing lanczos interpolation with cutoff=0.671 and 4 lobes.
Doing lanczos interpolation with cutoff=0.671 and 4 lobes.
Doing lanczos interpolation with cutoff=0.671 and 4 lobes.
Doing lanczos interpolation with cutoff=0.671 and 4 lobes.
Doing lanczos interpolation with cutoff=0.671 and 4 lobes.
Doing lanczos interpolation with cutoff=0.671 and 4 lobes.
Doing lanczos interpolation with cutoff=0.671 and 4 lobes.
Doing lanczos interpolation with cutoff=0.671 and 4 lobes.
Doing lanczos interpolation with cutoff=0.671 and 4 lobes.
Doing lanczos interpolation with cutoff=0.671 and 4 lobes.
Doing lanczos interpolation with cutoff=0.671 and 4 lobes.
Doing lanczos interpolation with cutoff=0.671 and 4 lobes.
Doing lanczos interpolation with cutoff=0.671 and 4 lobes.
Doing lanczos interpolation with cutoff=0.671 and 4 lobes.
Doing lanczos interpolation with cutoff=0.671 and 4 lobes.
Doing lanczos interpolation with cutoff=0.671 and 4 lobes.
Doing lanczos interpolation with cutoff=0.671 and 4 lobes.
Doing lanczos interpolation with cutoff=0.671 and 4 lobes.
Doing lanczos interpolation with cutoff=0.671 and 4 lobes.
Doing lanczos interpolation with cutoff=0.671 and 4 lobes.
Doing lanczos interpolation with cutoff=0.671 and 4 lobes.
Doing lanczos interpolation with cutoff=0.671 and 4 lobes.
Doing lanczos interpolation with cutoff=0.671 and 4 lobes.
Doing lanczos interpolation with cutoff=0.671 and 4 lobes.
Doing lanczos interpolation with cutoff=0.671 and 4 lobes.
Doing lanczos interpolation with cutoff=0.671 and 4 lobes.
Doing lanczos interpolation with cutoff=0.671 and 4 lobes.
Doing lanczos interpolation with cutoff=0.671 and 4 lobes.
Doing lanczos interpolation with cutoff=0.671 and 4 lobes.
Doing lanczos interpolation with cutoff=0.671 and 4 lobes.
Doing lanczos interpolation with cutoff=0.671 and 4 lobes.
Doing lanczos interpolation with cutoff=0.671 and 4 lobes.
Doing lanczos interpolation with cutoff=0.671 and 4 lobes.
Doing lanczos interpolation with cutoff=0.671 and 4 lobes.
Doing lanczos interpolation with cutoff=0.671 and 4 lobes.
Doing lanczos interpolation with cutoff=0.671 and 4 lobes.
Doing lanczos interpolation with cutoff=0.671 and 4 lobes.
Doing lanczos interpolation with cutoff=0.671 and 4 lobes.
Doing lanczos interpolation with cutoff=0.671 and 4 lobes.
Doing lanczos interpolation with cutoff=0.671 and 4 lobes.
Doing lanczos interpolation with cutoff=0.671 and 4 lobes.
Doing lanczos interpolation with cutoff=0.671 and 4 lobes.
Doing lanczos interpolation with cutoff=0.671 and 4 lobes.
Doing lanczos interpolation with cutoff=0.671 and 4 lobes.
Doing lanczos interpolation with cutoff=0.671 and 4 lobes.
Doing lanczos interpolation with cutoff=0.671 and 4 lobes.
Doing lanczos interpolation with cutoff=0.671 and 4 lobes.
Doing lanczos interpolation with cutoff=0.671 and 4 lobes.
Doing lanczos interpolation with cutoff=0.671 and 4 lobes.
Doing lanczos interpolation with cutoff=0.671 and 4 lobes.
Doing lanczos interpolation with cutoff=0.671 and 4 lobes.
Doing lanczos interpolation with cutoff=0.671 and 4 lobes.
Doing lanczos interpolation with cutoff=0.671 and 4 lobes.
Doing lanczos interpolation with cutoff=0.671 and 4 lobes.
Doing lanczos interpolation with cutoff=0.671 and 4 lobes.
Doing lanczos interpolation with cutoff=0.671 and 4 lobes.
Doing lanczos interpolation with cutoff=0.671 and 4 lobes.
Doing lanczos interpolation with cutoff=0.671 and 4 lobes.
Doing lanczos interpolation with cutoff=0.671 and 4 lobes.
Doing lanczos interpolation with cutoff=0.671 and 4 lobes.
Doing lanczos interpolation with cutoff=0.671 and 4 lobes.
Doing lanczos interpolation with cutoff=0.671 and 4 lobes.
Doing lanczos interpolation with cutoff=0.671 and 4 lobes.
Doing lanczos interpolation with cutoff=0.671 and 4 lobes.
Doing lanczos interpolation with cutoff=0.671 and 4 lobes.
Doing lanczos interpolation with cutoff=0.671 and 4 lobes.
Doing lanczos interpolation with cutoff=0.671 and 4 lobes.
Doing lanczos interpolation with cutoff=0.671 and 4 lobes.
Doing lanczos interpolation with cutoff=0.671 and 4 lobes.
Doing lanczos interpolation with cutoff=0.671 and 4 lobes.
Doing lanczos interpolation with cutoff=0.671 and 4 lobes.
Doing lanczos interpolation with cutoff=0.671 and 4 lobes.
Doing lanczos interpolation with cutoff=0.671 and 4 lobes.
Doing lanczos interpolation with cutoff=0.671 and 4 lobes.
Doing lanczos interpolation with cutoff=0.671 and 4 lobes.
Doing lanczos interpolation with cutoff=0.671 and 4 lobes.
Doing lanczos interpolation with cutoff=0.671 and 4 lobes.
Doing lanczos interpolation with cutoff=0.671 and 4 lobes.
Doing lanczos interpolation with cutoff=0.671 and 4 lobes.
Doing lanczos interpolation with cutoff=0.671 and 4 lobes.
Doing lanczos interpolation with cutoff=0.671 and 4 lobes.
Doing lanczos interpolation with cutoff=0.671 and 4 lobes.
Doing lanczos interpolation with cutoff=0.671 and 4 lobes.
Doing lanczos interpolation with cutoff=0.671 and 4 lobes.
Doing lanczos interpolation with cutoff=0.671 and 4 lobes.
Doing lanczos interpolation with cutoff=0.671 and 4 lobes.
Doing lanczos interpolation with cutoff=0.671 and 4 lobes.
Doing lanczos interpolation with cutoff=0.671 and 4 lobes.
Doing lanczos interpolation with cutoff=0.671 and 4 lobes.
Doing lanczos interpolation with cutoff=0.671 and 4 lobes.
Doing lanczos interpolation with cutoff=0.671 and 4 lobes.
Doing lanczos interpolation with cutoff=0.671 and 4 lobes.
Doing lanczos interpolation with cutoff=0.671 and 4 lobes.
Doing lanczos interpolation with cutoff=0.671 and 4 lobes.
Doing lanczos interpolation with cutoff=0.671 and 4 lobes.
Doing lanczos interpolation with cutoff=0.671 and 4 lobes.
Doing lanczos interpolation with cutoff=0.671 and 4 lobes.
Doing lanczos interpolation with cutoff=0.671 and 4 lobes.
Doing lanczos interpolation with cutoff=0.671 and 4 lobes.
Doing lanczos interpolation with cutoff=0.671 and 4 lobes.
Doing lanczos interpolation with cutoff=0.671 and 4 lobes.
Doing lanczos interpolation with cutoff=0.671 and 4 lobes.
Doing lanczos interpolation with cutoff=0.671 and 4 lobes.
Doing lanczos interpolation with cutoff=0.671 and 4 lobes.
Doing lanczos interpolation with cutoff=0.671 and 4 lobes.
Running cross validation...
Train: X=(3890, 80, 90, 71)
 Test: X=(390, 80, 90, 71)
Keeping 14771/511200 voxels (no NaNs)
(3496,) (389,)
(3496,) (389,)
(3496,) (389,)
(3496,) (389,)
(3496,) (389,)
(3497,) (388,)
(3497,) (388,)
(3497,) (388,)
(3497,) (388,)
(3497,) (388,)
fold 0 completed, took 25.740893602371216 seconds

Mean correlation: 
0.10157258867275544


Train: X=(3657, 80, 90, 71)
 Test: X=(623, 80, 90, 71)
Keeping 14771/511200 voxels (no NaNs)
(3291,) (366,)
(3291,) (366,)
(3291,) (366,)
(3291,) (366,)
(3291,) (366,)
(3291,) (366,)
(3291,) (366,)
(3292,) (365,)
(3292,) (365,)
(3292,) (365,)
fold 1 completed, took 23.749821186065674 seconds

Mean correlation: 
0.09672354353382626


Train: X=(3978, 80, 90, 71)
 Test: X=(302, 80, 90, 71)
Keeping 14771/511200 voxels (no NaNs)
(3580,) (398,)
(3580,) (398,)
(3580,) (398,)
(3580,) (398,)
(3580,) (398,)
(3580,) (398,)
(3580,) (398,)
(3580,) (398,)
(3581,) (397,)
(3581,) (397,)
fold 2 completed, took 26.282395124435425 seconds

Mean correlation: 
0.11342316868027894


Train: X=(3753, 80, 90, 71)
 Test: X=(527, 80, 90, 71)
Keeping 14771/511200 voxels (no NaNs)
(3377,) (376,)
(3377,) (376,)
(3377,) (376,)
(3378,) (375,)
(3378,) (375,)
(3378,) (375,)
(3378,) (375,)
(3378,) (375,)
(3378,) (375,)
(3378,) (375,)
fold 3 completed, took 24.349212408065796 seconds

Mean correlation: 
0.12424645982785792


Train: X=(3917, 80, 90, 71)
 Test: X=(363, 80, 90, 71)
Keeping 14771/511200 voxels (no NaNs)
(3525,) (392,)
(3525,) (392,)
(3525,) (392,)
(3525,) (392,)
(3525,) (392,)
(3525,) (392,)
(3525,) (392,)
(3526,) (391,)
(3526,) (391,)
(3526,) (391,)
fold 4 completed, took 25.074159145355225 seconds

Mean correlation: 
0.07912316002849652


Train: X=(3779, 80, 90, 71)
 Test: X=(501, 80, 90, 71)
Keeping 14771/511200 voxels (no NaNs)
(3401,) (378,)
(3401,) (378,)
(3401,) (378,)
(3401,) (378,)
(3401,) (378,)
(3401,) (378,)
(3401,) (378,)
(3401,) (378,)
(3401,) (378,)
(3402,) (377,)
fold 5 completed, took 24.731315851211548 seconds

Mean correlation: 
0.1234785094979111


Train: X=(3744, 80, 90, 71)
 Test: X=(536, 80, 90, 71)
Keeping 14771/511200 voxels (no NaNs)
(3369,) (375,)
(3369,) (375,)
(3369,) (375,)
(3369,) (375,)
(3370,) (374,)
(3370,) (374,)
(3370,) (374,)
(3370,) (374,)
(3370,) (374,)
(3370,) (374,)
fold 6 completed, took 23.81976556777954 seconds

Mean correlation: 
0.09619462066201623


Train: X=(3803, 80, 90, 71)
 Test: X=(477, 80, 90, 71)
Keeping 14771/511200 voxels (no NaNs)
(3422,) (381,)
(3422,) (381,)
(3422,) (381,)
(3423,) (380,)
(3423,) (380,)
(3423,) (380,)
(3423,) (380,)
(3423,) (380,)
(3423,) (380,)
(3423,) (380,)
fold 7 completed, took 24.17371654510498 seconds

Mean correlation: 
0.09861879306758009


Train: X=(3719, 80, 90, 71)
 Test: X=(561, 80, 90, 71)
Keeping 14771/511200 voxels (no NaNs)
(3342,) (372,)
(3342,) (372,)
(3342,) (372,)
(3342,) (372,)
(3343,) (371,)
(3343,) (371,)
(3343,) (371,)
(3343,) (371,)
(3343,) (371,)
(3343,) (371,)
fold 8 completed, took 24.3931405544281 seconds

Mean correlation: 
0.06795497615590254


Saved training results → /BRAIN/neuromod-data/static00/training_saves/all_stories/GPT-2/training_results/predict_sub-02_with_GPT-2_layer_8_len_20_folds_9_LANG_REGION_session_-2
